
*** Imported 50 new test cases from: afl_output//queue

[+] AFL test case: id:000000,orig:hello.c (0 / 50), cycle: 0
    lines......: 12.6% (1415 of 11197 lines)
    functions..: 21.7% (97 of 447 functions)

    Coverage diff (init) id:000000,orig:hello.c
diff (init) -> id:000000,orig:hello.c
New src file: /root/tinycc/tcc.c
  New 'function' coverage: main()
  New 'function' coverage: set_environment()
  New 'line' coverage: 192
  New 'line' coverage: 196
  New 'line' coverage: 197
  New 'line' coverage: 200
  New 'line' coverage: 201
  New 'line' coverage: 204
  New 'line' coverage: 205
  New 'line' coverage: 208
  New 'line' coverage: 246
  New 'line' coverage: 249
  New 'line' coverage: 250
  New 'line' coverage: 253
  New 'line' coverage: 256
  New 'line' coverage: 257
  New 'line' coverage: 258
  New 'line' coverage: 260
  New 'line' coverage: 261
  New 'line' coverage: 263
  New 'line' coverage: 265
  New 'line' coverage: 267
  New 'line' coverage: 269
  New 'line' coverage: 275
  New 'line' coverage: 277
  New 'line' coverage: 285
  New 'line' coverage: 286
  New 'line' coverage: 289
  New 'line' coverage: 295
  New 'line' coverage: 301
  New 'line' coverage: 305
  New 'line' coverage: 309
  New 'line' coverage: 310
  New 'line' coverage: 311
  New 'line' coverage: 312
  New 'line' coverage: 313
  New 'line' coverage: 315
  New 'line' coverage: 316
  New 'line' coverage: 320
  New 'line' coverage: 321
  New 'line' coverage: 322
  New 'line' coverage: 323
  New 'line' coverage: 324
  New 'line' coverage: 328
  New 'line' coverage: 330
  New 'line' coverage: 331
  New 'line' coverage: 332
  New 'line' coverage: 333
  New 'line' coverage: 335
  New 'line' coverage: 336
  New 'line' coverage: 337
  New 'line' coverage: 342
  New 'line' coverage: 344
  New 'line' coverage: 346
  New 'line' coverage: 361
  New 'line' coverage: 363
  New 'line' coverage: 364
  New 'line' coverage: 366
  New 'line' coverage: 368
New src file: /root/tinycc/tccelf.c
  New 'function' coverage: find_elf_sym()
  New 'function' coverage: get_sym_attr()
  New 'function' coverage: load_data()
  New 'function' coverage: new_section()
  New 'function' coverage: new_symtab()
  New 'function' coverage: put_elf_str()
  New 'function' coverage: put_elf_sym()
  New 'function' coverage: rebuild_hash()
  New 'function' coverage: section_add()
  New 'function' coverage: section_realloc()
  New 'function' coverage: set_elf_sym()
  New 'function' coverage: tcc_load_object_file()
  New 'function' coverage: tcc_object_type()
  New 'function' coverage: tccelf_begin_file()
  New 'function' coverage: tccelf_delete()
  New 'function' coverage: tccelf_end_file()
  New 'function' coverage: tccelf_new()
  New 'line' coverage: 104
  New 'line' coverage: 107
  New 'line' coverage: 112
  New 'line' coverage: 113
  New 'line' coverage: 114
  New 'line' coverage: 116
  New 'line' coverage: 117
  New 'line' coverage: 118
  New 'line' coverage: 122
  New 'line' coverage: 133
  New 'line' coverage: 134
  New 'line' coverage: 136
  New 'line' coverage: 137
  New 'line' coverage: 140
  New 'line' coverage: 143
  New 'line' coverage: 144
  New 'line' coverage: 145
  New 'line' coverage: 148
  New 'line' coverage: 152
  New 'line' coverage: 156
  New 'line' coverage: 158
  New 'line' coverage: 161
  New 'line' coverage: 162
  New 'line' coverage: 163
  New 'line' coverage: 164
  New 'line' coverage: 165
  New 'line' coverage: 166
  New 'line' coverage: 168
  New 'line' coverage: 169
  New 'line' coverage: 170
  New 'line' coverage: 173
  New 'line' coverage: 174
  New 'line' coverage: 177
  New 'line' coverage: 178
  New 'line' coverage: 179
  New 'line' coverage: 180
  New 'line' coverage: 181
  New 'line' coverage: 182
  New 'line' coverage: 189
  New 'line' coverage: 190
  New 'line' coverage: 192
  New 'line' coverage: 196
  New 'line' coverage: 197
  New 'line' coverage: 198
  New 'line' coverage: 199
  New 'line' coverage: 201
  New 'line' coverage: 207
  New 'line' coverage: 208
  New 'line' coverage: 209
  New 'line' coverage: 210
  New 'line' coverage: 211
  New 'line' coverage: 212
  New 'line' coverage: 213
  New 'line' coverage: 214
  New 'line' coverage: 217
  New 'line' coverage: 218
  New 'line' coverage: 220
  New 'line' coverage: 221
  New 'line' coverage: 224
  New 'line' coverage: 2245
  New 'line' coverage: 2249
  New 'line' coverage: 2250
  New 'line' coverage: 2251
  New 'line' coverage: 2252
  New 'line' coverage: 2262
  New 'line' coverage: 2264
  New 'line' coverage: 2265
  New 'line' coverage: 2266
  New 'line' coverage: 227
  New 'line' coverage: 2283
  New 'line' coverage: 2300
  New 'line' coverage: 2302
  New 'line' coverage: 2303
  New 'line' coverage: 2306
  New 'line' coverage: 2307
  New 'line' coverage: 2313
  New 'line' coverage: 2314
  New 'line' coverage: 2315
  New 'line' coverage: 2318
  New 'line' coverage: 2319
  New 'line' coverage: 2322
  New 'line' coverage: 2323
  New 'line' coverage: 2324
  New 'line' coverage: 2325
  New 'line' coverage: 2326
  New 'line' coverage: 2327
  New 'line' coverage: 2328
  New 'line' coverage: 2329
  New 'line' coverage: 2330
  New 'line' coverage: 2336
  New 'line' coverage: 2337
  New 'line' coverage: 2338
  New 'line' coverage: 2341
  New 'line' coverage: 2342
  New 'line' coverage: 2344
  New 'line' coverage: 235
  New 'line' coverage: 2350
  New 'line' coverage: 2352
  New 'line' coverage: 2353
  New 'line' coverage: 2354
  New 'line' coverage: 2355
  New 'line' coverage: 2357
  New 'line' coverage: 2358
  New 'line' coverage: 236
  New 'line' coverage: 2362
  New 'line' coverage: 2363
  New 'line' coverage: 2364
  New 'line' coverage: 2365
  New 'line' coverage: 2366
  New 'line' coverage: 2368
  New 'line' coverage: 2369
  New 'line' coverage: 237
  New 'line' coverage: 2375
  New 'line' coverage: 2378
  New 'line' coverage: 2379
  New 'line' coverage: 238
  New 'line' coverage: 2380
  New 'line' coverage: 2381
  New 'line' coverage: 239
  New 'line' coverage: 2395
  New 'line' coverage: 2398
  New 'line' coverage: 2399
  New 'line' coverage: 240
  New 'line' coverage: 2400
  New 'line' coverage: 2401
  New 'line' coverage: 2402
  New 'line' coverage: 2408
  New 'line' coverage: 2410
  New 'line' coverage: 2414
  New 'line' coverage: 2419
  New 'line' coverage: 242
  New 'line' coverage: 2420
  New 'line' coverage: 2421
  New 'line' coverage: 2422
  New 'line' coverage: 2423
  New 'line' coverage: 2424
  New 'line' coverage: 2425
  New 'line' coverage: 2426
  New 'line' coverage: 2428
  New 'line' coverage: 2429
  New 'line' coverage: 2431
  New 'line' coverage: 2432
  New 'line' coverage: 2433
  New 'line' coverage: 2435
  New 'line' coverage: 2437
  New 'line' coverage: 244
  New 'line' coverage: 2441
  New 'line' coverage: 245
  New 'line' coverage: 2454
  New 'line' coverage: 2455
  New 'line' coverage: 2456
  New 'line' coverage: 2457
  New 'line' coverage: 2458
  New 'line' coverage: 2459
  New 'line' coverage: 246
  New 'line' coverage: 2460
  New 'line' coverage: 2461
  New 'line' coverage: 2462
  New 'line' coverage: 2464
  New 'line' coverage: 2467
  New 'line' coverage: 247
  New 'line' coverage: 2470
  New 'line' coverage: 2472
  New 'line' coverage: 2473
  New 'line' coverage: 2474
  New 'line' coverage: 2476
  New 'line' coverage: 2477
  New 'line' coverage: 249
  New 'line' coverage: 2490
  New 'line' coverage: 2491
  New 'line' coverage: 2493
  New 'line' coverage: 2495
  New 'line' coverage: 2498
  New 'line' coverage: 2499
  New 'line' coverage: 250
  New 'line' coverage: 2500
  New 'line' coverage: 2501
  New 'line' coverage: 2502
  New 'line' coverage: 2506
  New 'line' coverage: 2507
  New 'line' coverage: 2508
  New 'line' coverage: 2509
  New 'line' coverage: 251
  New 'line' coverage: 2510
  New 'line' coverage: 2511
  New 'line' coverage: 2512
  New 'line' coverage: 2513
  New 'line' coverage: 2515
  New 'line' coverage: 2516
  New 'line' coverage: 252
  New 'line' coverage: 2520
  New 'line' coverage: 2521
  New 'line' coverage: 2523
  New 'line' coverage: 2525
  New 'line' coverage: 2527
  New 'line' coverage: 253
  New 'line' coverage: 2537
  New 'line' coverage: 2539
  New 'line' coverage: 2560
  New 'line' coverage: 2561
  New 'line' coverage: 2562
  New 'line' coverage: 2563
  New 'line' coverage: 2564
  New 'line' coverage: 2565
  New 'line' coverage: 2566
  New 'line' coverage: 2567
  New 'line' coverage: 257
  New 'line' coverage: 262
  New 'line' coverage: 263
  New 'line' coverage: 264
  New 'line' coverage: 265
  New 'line' coverage: 266
  New 'line' coverage: 267
  New 'line' coverage: 268
  New 'line' coverage: 269
  New 'line' coverage: 270
  New 'line' coverage: 271
  New 'line' coverage: 275
  New 'line' coverage: 279
  New 'line' coverage: 280
  New 'line' coverage: 281
  New 'line' coverage: 282
  New 'line' coverage: 283
  New 'line' coverage: 284
  New 'line' coverage: 286
  New 'line' coverage: 293
  New 'line' coverage: 294
  New 'line' coverage: 323
  New 'line' coverage: 328
  New 'line' coverage: 329
  New 'line' coverage: 330
  New 'line' coverage: 331
  New 'line' coverage: 332
  New 'line' coverage: 338
  New 'line' coverage: 340
  New 'line' coverage: 341
  New 'line' coverage: 342
  New 'line' coverage: 343
  New 'line' coverage: 344
  New 'line' coverage: 345
  New 'line' coverage: 352
  New 'line' coverage: 358
  New 'line' coverage: 359
  New 'line' coverage: 361
  New 'line' coverage: 364
  New 'line' coverage: 365
  New 'line' coverage: 366
  New 'line' coverage: 367
  New 'line' coverage: 368
  New 'line' coverage: 369
  New 'line' coverage: 370
  New 'line' coverage: 371
  New 'line' coverage: 373
  New 'line' coverage: 374
  New 'line' coverage: 375
  New 'line' coverage: 376
  New 'line' coverage: 377
  New 'line' coverage: 378
  New 'line' coverage: 380
  New 'line' coverage: 382
  New 'line' coverage: 383
  New 'line' coverage: 385
  New 'line' coverage: 388
  New 'line' coverage: 396
  New 'line' coverage: 397
  New 'line' coverage: 398
  New 'line' coverage: 402
  New 'line' coverage: 403
  New 'line' coverage: 404
  New 'line' coverage: 405
  New 'line' coverage: 406
  New 'line' coverage: 407
  New 'line' coverage: 408
  New 'line' coverage: 409
  New 'line' coverage: 410
  New 'line' coverage: 412
  New 'line' coverage: 413
  New 'line' coverage: 415
  New 'line' coverage: 417
  New 'line' coverage: 418
  New 'line' coverage: 419
  New 'line' coverage: 420
  New 'line' coverage: 421
  New 'line' coverage: 423
  New 'line' coverage: 424
  New 'line' coverage: 425
  New 'line' coverage: 428
  New 'line' coverage: 429
  New 'line' coverage: 432
  New 'line' coverage: 435
  New 'line' coverage: 442
  New 'line' coverage: 443
  New 'line' coverage: 445
  New 'line' coverage: 446
  New 'line' coverage: 447
  New 'line' coverage: 448
  New 'line' coverage: 449
  New 'line' coverage: 450
  New 'line' coverage: 451
  New 'line' coverage: 453
  New 'line' coverage: 490
  New 'line' coverage: 497
  New 'line' coverage: 498
  New 'line' coverage: 499
  New 'line' coverage: 501
  New 'line' coverage: 503
  New 'line' coverage: 504
  New 'line' coverage: 506
  New 'line' coverage: 507
  New 'line' coverage: 508
  New 'line' coverage: 55
  New 'line' coverage: 568
  New 'line' coverage: 569
  New 'line' coverage: 570
  New 'line' coverage: 58
  New 'line' coverage: 61
  New 'line' coverage: 62
  New 'line' coverage: 63
  New 'line' coverage: 64
  New 'line' coverage: 65
  New 'line' coverage: 68
  New 'line' coverage: 688
  New 'line' coverage: 693
  New 'line' coverage: 694
  New 'line' coverage: 698
  New 'line' coverage: 700
  New 'line' coverage: 701
  New 'line' coverage: 702
  New 'line' coverage: 703
  New 'line' coverage: 704
  New 'line' coverage: 706
  New 'line' coverage: 71
  New 'line' coverage: 74
  New 'line' coverage: 77
  New 'line' coverage: 78
New src file: /root/tinycc/tcc.h
  New 'line' coverage: 1255
  New 'line' coverage: 1258
  New 'line' coverage: 1261
New src file: /root/tinycc/tccrun.c
  New 'function' coverage: tcc_run_free()
  New 'line' coverage: 100
  New 'line' coverage: 112
  New 'line' coverage: 113
  New 'line' coverage: 96
New src file: /root/tinycc/libtcc.c
  New 'function' coverage: args_parser_add_file()
  New 'function' coverage: dynarray_add()
  New 'function' coverage: dynarray_reset()
  New 'function' coverage: error1()
  New 'function' coverage: strcat_printf()
  New 'function' coverage: strcat_vprintf()
  New 'function' coverage: tcc_add_crt()
  New 'function' coverage: tcc_add_file()
  New 'function' coverage: tcc_add_file_internal()
  New 'function' coverage: tcc_add_library_internal()
  New 'function' coverage: tcc_cleanup()
  New 'function' coverage: tcc_close()
  New 'function' coverage: tcc_compile()
  New 'function' coverage: tcc_define_symbol()
  New 'function' coverage: tcc_delete()
  New 'function' coverage: tcc_error()
  New 'function' coverage: tcc_fileextension()
  New 'function' coverage: tcc_free()
  New 'function' coverage: tcc_malloc()
  New 'function' coverage: tcc_mallocz()
  New 'function' coverage: tcc_new()
  New 'function' coverage: tcc_open()
  New 'function' coverage: tcc_open_bf()
  New 'function' coverage: tcc_parse_args()
  New 'function' coverage: tcc_realloc()
  New 'function' coverage: tcc_set_output_type()
  New 'function' coverage: tcc_split_path.isra.0()
  New 'function' coverage: tcc_strdup()
  New 'function' coverage: tcc_warning()
  New 'line' coverage: 1002
  New 'line' coverage: 1003
  New 'line' coverage: 1010
  New 'line' coverage: 1011
  New 'line' coverage: 1013
  New 'line' coverage: 1017
  New 'line' coverage: 1018
  New 'line' coverage: 1019
  New 'line' coverage: 1026
  New 'line' coverage: 1027
  New 'line' coverage: 1028
  New 'line' coverage: 1029
  New 'line' coverage: 1064
  New 'line' coverage: 1066
  New 'line' coverage: 1067
  New 'line' coverage: 1070
  New 'line' coverage: 1072
  New 'line' coverage: 1073
  New 'line' coverage: 1074
  New 'line' coverage: 1076
  New 'line' coverage: 1077
  New 'line' coverage: 1078
  New 'line' coverage: 1079
  New 'line' coverage: 1081
  New 'line' coverage: 1083
  New 'line' coverage: 1090
  New 'line' coverage: 1092
  New 'line' coverage: 1097
  New 'line' coverage: 1101
  New 'line' coverage: 1107
  New 'line' coverage: 1108
  New 'line' coverage: 1109
  New 'line' coverage: 1123
  New 'line' coverage: 1125
  New 'line' coverage: 1128
  New 'line' coverage: 1185
  New 'line' coverage: 1186
  New 'line' coverage: 1243
  New 'line' coverage: 1244
  New 'line' coverage: 1246
  New 'line' coverage: 1247
  New 'line' coverage: 140
  New 'line' coverage: 141
  New 'line' coverage: 142
  New 'line' coverage: 143
  New 'line' coverage: 144
  New 'line' coverage: 146
  New 'line' coverage: 148
  New 'line' coverage: 1594
  New 'line' coverage: 1596
  New 'line' coverage: 1597
  New 'line' coverage: 1598
  New 'line' coverage: 1599
  New 'line' coverage: 1600
  New 'line' coverage: 1601
  New 'line' coverage: 1664
  New 'line' coverage: 1668
  New 'line' coverage: 1669
  New 'line' coverage: 1672
  New 'line' coverage: 1673
  New 'line' coverage: 1674
  New 'line' coverage: 1676
  New 'line' coverage: 1678
  New 'line' coverage: 1679
  New 'line' coverage: 1680
  New 'line' coverage: 1684
  New 'line' coverage: 1685
  New 'line' coverage: 1690
  New 'line' coverage: 1691
  New 'line' coverage: 1692
  New 'line' coverage: 1693
  New 'line' coverage: 1694
  New 'line' coverage: 1699
  New 'line' coverage: 1703
  New 'line' coverage: 1704
  New 'line' coverage: 1705
  New 'line' coverage: 1706
  New 'line' coverage: 1708
  New 'line' coverage: 1709
  New 'line' coverage: 1710
  New 'line' coverage: 1711
  New 'line' coverage: 1712
  New 'line' coverage: 1713
  New 'line' coverage: 1716
  New 'line' coverage: 1720
  New 'line' coverage: 1723
  New 'line' coverage: 1728
  New 'line' coverage: 173
  New 'line' coverage: 174
  New 'line' coverage: 175
  New 'line' coverage: 1801
  New 'line' coverage: 1802
  New 'line' coverage: 1806
  New 'line' coverage: 1807
  New 'line' coverage: 183
  New 'line' coverage: 185
  New 'line' coverage: 186
  New 'line' coverage: 187
  New 'line' coverage: 1938
  New 'line' coverage: 1940
  New 'line' coverage: 1944
  New 'line' coverage: 1945
  New 'line' coverage: 1946
  New 'line' coverage: 1948
  New 'line' coverage: 199
  New 'line' coverage: 201
  New 'line' coverage: 202
  New 'line' coverage: 204
  New 'line' coverage: 207
  New 'line' coverage: 208
  New 'line' coverage: 210
  New 'line' coverage: 213
  New 'line' coverage: 216
  New 'line' coverage: 217
  New 'line' coverage: 218
  New 'line' coverage: 221
  New 'line' coverage: 224
  New 'line' coverage: 225
  New 'line' coverage: 227
  New 'line' coverage: 230
  New 'line' coverage: 233
  New 'line' coverage: 234
  New 'line' coverage: 235
  New 'line' coverage: 403
  New 'line' coverage: 408
  New 'line' coverage: 409
  New 'line' coverage: 411
  New 'line' coverage: 412
  New 'line' coverage: 415
  New 'line' coverage: 416
  New 'line' coverage: 417
  New 'line' coverage: 419
  New 'line' coverage: 420
  New 'line' coverage: 421
  New 'line' coverage: 423
  New 'line' coverage: 426
  New 'line' coverage: 427
  New 'line' coverage: 428
  New 'line' coverage: 429
  New 'line' coverage: 430
  New 'line' coverage: 431
  New 'line' coverage: 433
  New 'line' coverage: 440
  New 'line' coverage: 441
  New 'line' coverage: 442
  New 'line' coverage: 443
  New 'line' coverage: 444
  New 'line' coverage: 445
  New 'line' coverage: 447
  New 'line' coverage: 450
  New 'line' coverage: 451
  New 'line' coverage: 452
  New 'line' coverage: 454
  New 'line' coverage: 455
  New 'line' coverage: 456
  New 'line' coverage: 457
  New 'line' coverage: 461
  New 'line' coverage: 464
  New 'line' coverage: 465
  New 'line' coverage: 466
  New 'line' coverage: 468
  New 'line' coverage: 471
  New 'line' coverage: 472
  New 'line' coverage: 473
  New 'line' coverage: 474
  New 'line' coverage: 476
  New 'line' coverage: 481
  New 'line' coverage: 483
  New 'line' coverage: 485
  New 'line' coverage: 486
  New 'line' coverage: 489
  New 'line' coverage: 490
  New 'line' coverage: 491
  New 'line' coverage: 499
  New 'line' coverage: 500
  New 'line' coverage: 502
  New 'line' coverage: 503
  New 'line' coverage: 505
  New 'line' coverage: 507
  New 'line' coverage: 510
  New 'line' coverage: 511
  New 'line' coverage: 512
  New 'line' coverage: 516
  New 'line' coverage: 517
  New 'line' coverage: 518
  New 'line' coverage: 538
  New 'line' coverage: 540
  New 'line' coverage: 543
  New 'line' coverage: 544
  New 'line' coverage: 545
  New 'line' coverage: 547
  New 'line' coverage: 548
  New 'line' coverage: 555
  New 'line' coverage: 557
  New 'line' coverage: 560
  New 'line' coverage: 563
  New 'line' coverage: 564
  New 'line' coverage: 565
  New 'line' coverage: 571
  New 'line' coverage: 574
  New 'line' coverage: 576
  New 'line' coverage: 577
  New 'line' coverage: 578
  New 'line' coverage: 579
  New 'line' coverage: 580
  New 'line' coverage: 581
  New 'line' coverage: 582
  New 'line' coverage: 583
  New 'line' coverage: 584
  New 'line' coverage: 585
  New 'line' coverage: 586
  New 'line' coverage: 587
  New 'line' coverage: 588
  New 'line' coverage: 590
  New 'line' coverage: 592
  New 'line' coverage: 593
  New 'line' coverage: 594
  New 'line' coverage: 595
  New 'line' coverage: 597
  New 'line' coverage: 599
  New 'line' coverage: 600
  New 'line' coverage: 601
  New 'line' coverage: 603
  New 'line' coverage: 606
  New 'line' coverage: 609
  New 'line' coverage: 610
  New 'line' coverage: 613
  New 'line' coverage: 615
  New 'line' coverage: 619
  New 'line' coverage: 620
  New 'line' coverage: 624
  New 'line' coverage: 629
  New 'line' coverage: 630
  New 'line' coverage: 631
  New 'line' coverage: 632
  New 'line' coverage: 634
  New 'line' coverage: 635
  New 'line' coverage: 636
  New 'line' coverage: 638
  New 'line' coverage: 639
  New 'line' coverage: 641
  New 'line' coverage: 648
  New 'line' coverage: 651
  New 'line' coverage: 653
  New 'line' coverage: 654
  New 'line' coverage: 656
  New 'line' coverage: 657
  New 'line' coverage: 658
  New 'line' coverage: 659
  New 'line' coverage: 660
  New 'line' coverage: 676
  New 'line' coverage: 680
  New 'line' coverage: 681
  New 'line' coverage: 682
  New 'line' coverage: 683
  New 'line' coverage: 686
  New 'line' coverage: 687
  New 'line' coverage: 688
  New 'line' coverage: 689
  New 'line' coverage: 692
  New 'line' coverage: 693
  New 'line' coverage: 694
  New 'line' coverage: 695
  New 'line' coverage: 710
  New 'line' coverage: 712
  New 'line' coverage: 714
  New 'line' coverage: 716
  New 'line' coverage: 717
  New 'line' coverage: 719
  New 'line' coverage: 721
  New 'line' coverage: 724
  New 'line' coverage: 728
  New 'line' coverage: 730
  New 'line' coverage: 731
  New 'line' coverage: 733
  New 'line' coverage: 734
  New 'line' coverage: 736
  New 'line' coverage: 737
  New 'line' coverage: 738
  New 'line' coverage: 739
  New 'line' coverage: 754
  New 'line' coverage: 756
  New 'line' coverage: 757
  New 'line' coverage: 761
  New 'line' coverage: 762
  New 'line' coverage: 763
  New 'line' coverage: 764
  New 'line' coverage: 765
  New 'line' coverage: 769
  New 'line' coverage: 770
  New 'line' coverage: 771
  New 'line' coverage: 775
  New 'line' coverage: 776
  New 'line' coverage: 777
  New 'line' coverage: 785
  New 'line' coverage: 817
  New 'line' coverage: 818
  New 'line' coverage: 819
  New 'line' coverage: 821
  New 'line' coverage: 822
  New 'line' coverage: 853
  New 'line' coverage: 854
  New 'line' coverage: 855
  New 'line' coverage: 862
  New 'line' coverage: 877
  New 'line' coverage: 879
  New 'line' coverage: 881
  New 'line' coverage: 890
  New 'line' coverage: 892
  New 'line' coverage: 895
  New 'line' coverage: 897
  New 'line' coverage: 900
  New 'line' coverage: 903
  New 'line' coverage: 904
  New 'line' coverage: 907
  New 'line' coverage: 908
  New 'line' coverage: 909
  New 'line' coverage: 910
  New 'line' coverage: 912
  New 'line' coverage: 913
  New 'line' coverage: 914
  New 'line' coverage: 915
  New 'line' coverage: 916
  New 'line' coverage: 917
  New 'line' coverage: 918
  New 'line' coverage: 919
  New 'line' coverage: 920
  New 'line' coverage: 921
  New 'line' coverage: 922
  New 'line' coverage: 926
  New 'line' coverage: 929
  New 'line' coverage: 930
  New 'line' coverage: 932
  New 'line' coverage: 934
  New 'line' coverage: 936
  New 'line' coverage: 939
  New 'line' coverage: 942
  New 'line' coverage: 945
  New 'line' coverage: 952
  New 'line' coverage: 959
  New 'line' coverage: 964
  New 'line' coverage: 973
  New 'line' coverage: 975
  New 'line' coverage: 976
  New 'line' coverage: 977
  New 'line' coverage: 978
  New 'line' coverage: 979
  New 'line' coverage: 982
  New 'line' coverage: 987
  New 'line' coverage: 993
  New 'line' coverage: 997
New src file: /root/tinycc/tccgen.c
  New 'function' coverage: __sym_malloc()
  New 'function' coverage: decl0.isra.7()
  New 'function' coverage: free_inline_functions()
  New 'function' coverage: mk_pointer()
  New 'function' coverage: parse_btype()
  New 'function' coverage: post_type()
  New 'function' coverage: sym_free()
  New 'function' coverage: sym_pop()
  New 'function' coverage: sym_push()
  New 'function' coverage: sym_push2()
  New 'function' coverage: tcc_debug_start()
  New 'function' coverage: tccgen_compile()
  New 'function' coverage: type_decl()
  New 'line' coverage: 154
  New 'line' coverage: 156
  New 'line' coverage: 178
  New 'line' coverage: 180
  New 'line' coverage: 181
  New 'line' coverage: 235
  New 'line' coverage: 237
  New 'line' coverage: 238
  New 'line' coverage: 239
  New 'line' coverage: 240
  New 'line' coverage: 241
  New 'line' coverage: 242
  New 'line' coverage: 245
  New 'line' coverage: 246
  New 'line' coverage: 247
  New 'line' coverage: 255
  New 'line' coverage: 256
  New 'line' coverage: 258
  New 'line' coverage: 259
  New 'line' coverage: 260
  New 'line' coverage: 261
  New 'line' coverage: 263
  New 'line' coverage: 273
  New 'line' coverage: 274
  New 'line' coverage: 2754
  New 'line' coverage: 2757
  New 'line' coverage: 2758
  New 'line' coverage: 2759
  New 'line' coverage: 2760
  New 'line' coverage: 4001
  New 'line' coverage: 4007
  New 'line' coverage: 4008
  New 'line' coverage: 4009
  New 'line' coverage: 4010
  New 'line' coverage: 4011
  New 'line' coverage: 4012
  New 'line' coverage: 4015
  New 'line' coverage: 4179
  New 'line' coverage: 4180
  New 'line' coverage: 4182
  New 'line' coverage: 4183
  New 'line' coverage: 4201
  New 'line' coverage: 4202
  New 'line' coverage: 4207
  New 'line' coverage: 4208
  New 'line' coverage: 4214
  New 'line' coverage: 4215
  New 'line' coverage: 4255
  New 'line' coverage: 4262
  New 'line' coverage: 4264
  New 'line' coverage: 4265
  New 'line' coverage: 4267
  New 'line' coverage: 4269
  New 'line' coverage: 4271
  New 'line' coverage: 4275
  New 'line' coverage: 4276
  New 'line' coverage: 4277
  New 'line' coverage: 4281
  New 'line' coverage: 4289
  New 'line' coverage: 4290
  New 'line' coverage: 4291
  New 'line' coverage: 4401
  New 'line' coverage: 4407
  New 'line' coverage: 4408
  New 'line' coverage: 4409
  New 'line' coverage: 4411
  New 'line' coverage: 4443
  New 'line' coverage: 4455
  New 'line' coverage: 4457
  New 'line' coverage: 4458
  New 'line' coverage: 4464
  New 'line' coverage: 456
  New 'line' coverage: 461
  New 'line' coverage: 462
  New 'line' coverage: 464
  New 'line' coverage: 465
  New 'line' coverage: 466
  New 'line' coverage: 467
  New 'line' coverage: 468
  New 'line' coverage: 469
  New 'line' coverage: 471
  New 'line' coverage: 472
  New 'line' coverage: 479
  New 'line' coverage: 480
  New 'line' coverage: 481
  New 'line' coverage: 482
  New 'line' coverage: 490
  New 'line' coverage: 493
  New 'line' coverage: 494
  New 'line' coverage: 498
  New 'line' coverage: 501
  New 'line' coverage: 505
  New 'line' coverage: 506
  New 'line' coverage: 507
  New 'line' coverage: 508
  New 'line' coverage: 509
  New 'line' coverage: 511
  New 'line' coverage: 512
  New 'line' coverage: 513
  New 'line' coverage: 542
  New 'line' coverage: 543
  New 'line' coverage: 545
  New 'line' coverage: 549
  New 'line' coverage: 554
  New 'line' coverage: 557
  New 'line' coverage: 558
  New 'line' coverage: 559
  New 'line' coverage: 560
  New 'line' coverage: 563
  New 'line' coverage: 577
  New 'line' coverage: 600
  New 'line' coverage: 606
  New 'line' coverage: 607
  New 'line' coverage: 608
  New 'line' coverage: 609
  New 'line' coverage: 612
  New 'line' coverage: 620
  New 'line' coverage: 624
  New 'line' coverage: 625
  New 'line' coverage: 626
  New 'line' coverage: 7130
  New 'line' coverage: 7134
  New 'line' coverage: 7139
  New 'line' coverage: 7140
  New 'line' coverage: 7144
  New 'line' coverage: 7152
  New 'line' coverage: 7153
  New 'line' coverage: 7156
  New 'line' coverage: 7160
  New 'line' coverage: 7162
  New 'line' coverage: 7167
  New 'line' coverage: 7170
  New 'line' coverage: 7177
  New 'line' coverage: 7191
  New 'line' coverage: 7197
  New 'line' coverage: 7200
  New 'line' coverage: 7383
New src file: /root/tinycc/tccpp.c
  New 'function' coverage: cstr_cat()
  New 'function' coverage: cstr_ccat()
  New 'function' coverage: cstr_free()
  New 'function' coverage: cstr_new()
  New 'function' coverage: cstr_realloc.isra.0()
  New 'function' coverage: define_push()
  New 'function' coverage: expect()
  New 'function' coverage: free_defines()
  New 'function' coverage: get_tok_str()
  New 'function' coverage: handle_eob()
  New 'function' coverage: handle_stray1()
  New 'function' coverage: next()
  New 'function' coverage: next_nomacro()
  New 'function' coverage: next_nomacro1()
  New 'function' coverage: next_nomacro_spc()
  New 'function' coverage: parse_define()
  New 'function' coverage: parse_escape_string()
  New 'function' coverage: parse_line_comment()
  New 'function' coverage: parse_pp_string()
  New 'function' coverage: parse_string()
  New 'function' coverage: preprocess()
  New 'function' coverage: preprocess_end()
  New 'function' coverage: preprocess_start()
  New 'function' coverage: tal_delete()
  New 'function' coverage: tal_free_impl()
  New 'function' coverage: tal_new()
  New 'function' coverage: tal_realloc_impl()
  New 'function' coverage: tccpp_delete()
  New 'function' coverage: tccpp_new()
  New 'function' coverage: tok_alloc()
  New 'function' coverage: tok_alloc_new()
  New 'function' coverage: tok_str_add()
  New 'function' coverage: tok_str_add2()
  New 'function' coverage: tok_str_dup()
  New 'function' coverage: tok_str_realloc()
  New 'line' coverage: 1044
  New 'line' coverage: 1045
  New 'line' coverage: 1046
  New 'line' coverage: 1047
  New 'line' coverage: 1057
  New 'line' coverage: 106
  New 'line' coverage: 1061
  New 'line' coverage: 1062
  New 'line' coverage: 1063
  New 'line' coverage: 1068
  New 'line' coverage: 1077
  New 'line' coverage: 108
  New 'line' coverage: 1081
  New 'line' coverage: 1082
  New 'line' coverage: 1083
  New 'line' coverage: 1084
  New 'line' coverage: 1085
  New 'line' coverage: 1086
  New 'line' coverage: 1087
  New 'line' coverage: 1088
  New 'line' coverage: 1089
  New 'line' coverage: 1091
  New 'line' coverage: 1094
  New 'line' coverage: 1098
  New 'line' coverage: 1099
  New 'line' coverage: 1100
  New 'line' coverage: 1102
  New 'line' coverage: 1103
  New 'line' coverage: 1104
  New 'line' coverage: 1129
  New 'line' coverage: 1133
  New 'line' coverage: 1134
  New 'line' coverage: 1137
  New 'line' coverage: 1139
  New 'line' coverage: 1140
  New 'line' coverage: 1153
  New 'line' coverage: 1159
  New 'line' coverage: 1160
  New 'line' coverage: 1161
  New 'line' coverage: 1163
  New 'line' coverage: 1164
  New 'line' coverage: 1165
  New 'line' coverage: 1167
  New 'line' coverage: 1199
  New 'line' coverage: 1200
  New 'line' coverage: 1302
  New 'line' coverage: 1306
  New 'line' coverage: 1307
  New 'line' coverage: 1308
  New 'line' coverage: 1309
  New 'line' coverage: 1310
  New 'line' coverage: 1312
  New 'line' coverage: 1314
  New 'line' coverage: 1319
  New 'line' coverage: 1320
  New 'line' coverage: 1321
  New 'line' coverage: 1326
  New 'line' coverage: 1327
  New 'line' coverage: 1329
  New 'line' coverage: 1333
  New 'line' coverage: 1335
  New 'line' coverage: 1336
  New 'line' coverage: 1337
  New 'line' coverage: 1338
  New 'line' coverage: 1339
  New 'line' coverage: 1340
  New 'line' coverage: 1345
  New 'line' coverage: 1346
  New 'line' coverage: 1347
  New 'line' coverage: 1348
  New 'line' coverage: 1349
  New 'line' coverage: 1352
  New 'line' coverage: 1354
  New 'line' coverage: 1472
  New 'line' coverage: 1476
  New 'line' coverage: 1478
  New 'line' coverage: 1479
  New 'line' coverage: 1482
  New 'line' coverage: 1483
  New 'line' coverage: 1488
  New 'line' coverage: 1490
  New 'line' coverage: 1491
  New 'line' coverage: 1492
  New 'line' coverage: 1493
  New 'line' coverage: 1494
  New 'line' coverage: 1495
  New 'line' coverage: 1496
  New 'line' coverage: 1497
  New 'line' coverage: 1498
  New 'line' coverage: 1499
  New 'line' coverage: 1502
  New 'line' coverage: 1506
  New 'line' coverage: 1509
  New 'line' coverage: 1510
  New 'line' coverage: 1511
  New 'line' coverage: 1512
  New 'line' coverage: 1514
  New 'line' coverage: 1516
  New 'line' coverage: 1518
  New 'line' coverage: 1519
  New 'line' coverage: 1523
  New 'line' coverage: 1524
  New 'line' coverage: 1525
  New 'line' coverage: 1531
  New 'line' coverage: 1533
  New 'line' coverage: 1540
  New 'line' coverage: 1542
  New 'line' coverage: 1545
  New 'line' coverage: 1546
  New 'line' coverage: 1547
  New 'line' coverage: 1550
  New 'line' coverage: 1551
  New 'line' coverage: 1553
  New 'line' coverage: 1554
  New 'line' coverage: 1557
  New 'line' coverage: 1558
  New 'line' coverage: 167
  New 'line' coverage: 169
  New 'line' coverage: 170
  New 'line' coverage: 171
  New 'line' coverage: 1714
  New 'line' coverage: 1716
  New 'line' coverage: 172
  New 'line' coverage: 1721
  New 'line' coverage: 1722
  New 'line' coverage: 1726
  New 'line' coverage: 1729
  New 'line' coverage: 173
  New 'line' coverage: 1730
  New 'line' coverage: 1731
  New 'line' coverage: 174
  New 'line' coverage: 177
  New 'line' coverage: 181
  New 'line' coverage: 182
  New 'line' coverage: 183
  New 'line' coverage: 1995
  New 'line' coverage: 1997
  New 'line' coverage: 1999
  New 'line' coverage: 2002
  New 'line' coverage: 2003
  New 'line' coverage: 2004
  New 'line' coverage: 2005
  New 'line' coverage: 2011
  New 'line' coverage: 2012
  New 'line' coverage: 2015
  New 'line' coverage: 2020
  New 'line' coverage: 2022
  New 'line' coverage: 2023
  New 'line' coverage: 2025
  New 'line' coverage: 2026
  New 'line' coverage: 2028
  New 'line' coverage: 2029
  New 'line' coverage: 2076
  New 'line' coverage: 2077
  New 'line' coverage: 2078
  New 'line' coverage: 208
  New 'line' coverage: 209
  New 'line' coverage: 210
  New 'line' coverage: 2106
  New 'line' coverage: 211
  New 'line' coverage: 212
  New 'line' coverage: 215
  New 'line' coverage: 2161
  New 'line' coverage: 2162
  New 'line' coverage: 2163
  New 'line' coverage: 2164
  New 'line' coverage: 217
  New 'line' coverage: 2181
  New 'line' coverage: 2182
  New 'line' coverage: 2185
  New 'line' coverage: 2187
  New 'line' coverage: 2189
  New 'line' coverage: 219
  New 'line' coverage: 2192
  New 'line' coverage: 2194
  New 'line' coverage: 2195
  New 'line' coverage: 2196
  New 'line' coverage: 2198
  New 'line' coverage: 2199
  New 'line' coverage: 220
  New 'line' coverage: 2201
  New 'line' coverage: 2202
  New 'line' coverage: 2203
  New 'line' coverage: 2206
  New 'line' coverage: 2226
  New 'line' coverage: 2227
  New 'line' coverage: 2228
  New 'line' coverage: 2229
  New 'line' coverage: 2233
  New 'line' coverage: 231
  New 'line' coverage: 232
  New 'line' coverage: 233
  New 'line' coverage: 234
  New 'line' coverage: 239
  New 'line' coverage: 242
  New 'line' coverage: 247
  New 'line' coverage: 248
  New 'line' coverage: 251
  New 'line' coverage: 252
  New 'line' coverage: 253
  New 'line' coverage: 254
  New 'line' coverage: 255
  New 'line' coverage: 2561
  New 'line' coverage: 2568
  New 'line' coverage: 2569
  New 'line' coverage: 2570
  New 'line' coverage: 2571
  New 'line' coverage: 2572
  New 'line' coverage: 2574
  New 'line' coverage: 2575
  New 'line' coverage: 2576
  New 'line' coverage: 2578
  New 'line' coverage: 2579
  New 'line' coverage: 2586
  New 'line' coverage: 2588
  New 'line' coverage: 2589
  New 'line' coverage: 2590
  New 'line' coverage: 2592
  New 'line' coverage: 2595
  New 'line' coverage: 2596
  New 'line' coverage: 2597
  New 'line' coverage: 2598
  New 'line' coverage: 2599
  New 'line' coverage: 2600
  New 'line' coverage: 262
  New 'line' coverage: 263
  New 'line' coverage: 2638
  New 'line' coverage: 2639
  New 'line' coverage: 264
  New 'line' coverage: 2640
  New 'line' coverage: 2641
  New 'line' coverage: 2642
  New 'line' coverage: 2643
  New 'line' coverage: 2648
  New 'line' coverage: 265
  New 'line' coverage: 2650
  New 'line' coverage: 2651
  New 'line' coverage: 2652
  New 'line' coverage: 2653
  New 'line' coverage: 2654
  New 'line' coverage: 2655
  New 'line' coverage: 2656
  New 'line' coverage: 2658
  New 'line' coverage: 266
  New 'line' coverage: 2662
  New 'line' coverage: 2666
  New 'line' coverage: 2694
  New 'line' coverage: 2695
  New 'line' coverage: 2696
  New 'line' coverage: 2697
  New 'line' coverage: 2698
  New 'line' coverage: 2699
  New 'line' coverage: 2700
  New 'line' coverage: 2705
  New 'line' coverage: 2706
  New 'line' coverage: 2708
  New 'line' coverage: 2709
  New 'line' coverage: 271
  New 'line' coverage: 2711
  New 'line' coverage: 2715
  New 'line' coverage: 2716
  New 'line' coverage: 2719
  New 'line' coverage: 2720
  New 'line' coverage: 2721
  New 'line' coverage: 2722
  New 'line' coverage: 2724
  New 'line' coverage: 2729
  New 'line' coverage: 2731
  New 'line' coverage: 2732
  New 'line' coverage: 2754
  New 'line' coverage: 2755
  New 'line' coverage: 2758
  New 'line' coverage: 2761
  New 'line' coverage: 2762
  New 'line' coverage: 2763
  New 'line' coverage: 2764
  New 'line' coverage: 2772
  New 'line' coverage: 2773
  New 'line' coverage: 2776
  New 'line' coverage: 2777
  New 'line' coverage: 2778
  New 'line' coverage: 2779
  New 'line' coverage: 2780
  New 'line' coverage: 2808
  New 'line' coverage: 2809
  New 'line' coverage: 2810
  New 'line' coverage: 2812
  New 'line' coverage: 2813
  New 'line' coverage: 2814
  New 'line' coverage: 2815
  New 'line' coverage: 2816
  New 'line' coverage: 2817
  New 'line' coverage: 2818
  New 'line' coverage: 2819
  New 'line' coverage: 2951
  New 'line' coverage: 2952
  New 'line' coverage: 2953
  New 'line' coverage: 2962
  New 'line' coverage: 2963
  New 'line' coverage: 2964
  New 'line' coverage: 2968
  New 'line' coverage: 2972
  New 'line' coverage: 2974
  New 'line' coverage: 2985
  New 'line' coverage: 2988
  New 'line' coverage: 2990
  New 'line' coverage: 2993
  New 'line' coverage: 2994
  New 'line' coverage: 2995
  New 'line' coverage: 302
  New 'line' coverage: 310
  New 'line' coverage: 314
  New 'line' coverage: 325
  New 'line' coverage: 329
  New 'line' coverage: 330
  New 'line' coverage: 331
  New 'line' coverage: 332
  New 'line' coverage: 333
  New 'line' coverage: 334
  New 'line' coverage: 335
  New 'line' coverage: 336
  New 'line' coverage: 339
  New 'line' coverage: 342
  New 'line' coverage: 343
  New 'line' coverage: 344
  New 'line' coverage: 345
  New 'line' coverage: 346
  New 'line' coverage: 347
  New 'line' coverage: 349
  New 'line' coverage: 352
  New 'line' coverage: 3529
  New 'line' coverage: 353
  New 'line' coverage: 3532
  New 'line' coverage: 3535
  New 'line' coverage: 3537
  New 'line' coverage: 354
  New 'line' coverage: 3546
  New 'line' coverage: 3549
  New 'line' coverage: 355
  New 'line' coverage: 3550
  New 'line' coverage: 356
  New 'line' coverage: 3560
  New 'line' coverage: 3563
  New 'line' coverage: 3564
  New 'line' coverage: 3565
  New 'line' coverage: 3567
  New 'line' coverage: 357
  New 'line' coverage: 358
  New 'line' coverage: 3581
  New 'line' coverage: 3586
  New 'line' coverage: 3587
  New 'line' coverage: 3588
  New 'line' coverage: 3589
  New 'line' coverage: 359
  New 'line' coverage: 3590
  New 'line' coverage: 3591
  New 'line' coverage: 3592
  New 'line' coverage: 3593
  New 'line' coverage: 3594
  New 'line' coverage: 3595
  New 'line' coverage: 3597
  New 'line' coverage: 3598
  New 'line' coverage: 3600
  New 'line' coverage: 3601
  New 'line' coverage: 3602
  New 'line' coverage: 3603
  New 'line' coverage: 3604
  New 'line' coverage: 3606
  New 'line' coverage: 3607
  New 'line' coverage: 3612
  New 'line' coverage: 3617
  New 'line' coverage: 3619
  New 'line' coverage: 3622
  New 'line' coverage: 3623
  New 'line' coverage: 3624
  New 'line' coverage: 3627
  New 'line' coverage: 3629
  New 'line' coverage: 3631
  New 'line' coverage: 3632
  New 'line' coverage: 3634
  New 'line' coverage: 3640
  New 'line' coverage: 3641
  New 'line' coverage: 3644
  New 'line' coverage: 3645
  New 'line' coverage: 3646
  New 'line' coverage: 3647
  New 'line' coverage: 3648
  New 'line' coverage: 3649
  New 'line' coverage: 3651
  New 'line' coverage: 3652
  New 'line' coverage: 3655
  New 'line' coverage: 3656
  New 'line' coverage: 3657
  New 'line' coverage: 3659
  New 'line' coverage: 3660
  New 'line' coverage: 3661
  New 'line' coverage: 3662
  New 'line' coverage: 3663
  New 'line' coverage: 3665
  New 'line' coverage: 3666
  New 'line' coverage: 3667
  New 'line' coverage: 3670
  New 'line' coverage: 3671
  New 'line' coverage: 3674
  New 'line' coverage: 3675
  New 'line' coverage: 3677
  New 'line' coverage: 3679
  New 'line' coverage: 3684
  New 'line' coverage: 3687
  New 'line' coverage: 3688
  New 'line' coverage: 3689
  New 'line' coverage: 3690
  New 'line' coverage: 3691
  New 'line' coverage: 3694
  New 'line' coverage: 3695
  New 'line' coverage: 3696
  New 'line' coverage: 3697
  New 'line' coverage: 3700
  New 'line' coverage: 3701
  New 'line' coverage: 3702
  New 'line' coverage: 3703
  New 'line' coverage: 3704
  New 'line' coverage: 3705
  New 'line' coverage: 3706
  New 'line' coverage: 372
  New 'line' coverage: 374
  New 'line' coverage: 375
  New 'line' coverage: 378
  New 'line' coverage: 380
  New 'line' coverage: 381
  New 'line' coverage: 382
  New 'line' coverage: 387
  New 'line' coverage: 413
  New 'line' coverage: 418
  New 'line' coverage: 422
  New 'line' coverage: 423
  New 'line' coverage: 424
  New 'line' coverage: 425
  New 'line' coverage: 428
  New 'line' coverage: 429
  New 'line' coverage: 430
  New 'line' coverage: 431
  New 'line' coverage: 432
  New 'line' coverage: 433
  New 'line' coverage: 434
  New 'line' coverage: 435
  New 'line' coverage: 436
  New 'line' coverage: 437
  New 'line' coverage: 438
  New 'line' coverage: 439
  New 'line' coverage: 440
  New 'line' coverage: 448
  New 'line' coverage: 454
  New 'line' coverage: 455
  New 'line' coverage: 456
  New 'line' coverage: 457
  New 'line' coverage: 459
  New 'line' coverage: 461
  New 'line' coverage: 462
  New 'line' coverage: 464
  New 'line' coverage: 466
  New 'line' coverage: 468
  New 'line' coverage: 473
  New 'line' coverage: 478
  New 'line' coverage: 479
  New 'line' coverage: 481
  New 'line' coverage: 551
  New 'line' coverage: 552
  New 'line' coverage: 571
  New 'line' coverage: 572
  New 'line' coverage: 587
  New 'line' coverage: 589
  New 'line' coverage: 593
  New 'line' coverage: 594
  New 'line' coverage: 598
  New 'line' coverage: 600
  New 'line' coverage: 601
  New 'line' coverage: 606
  New 'line' coverage: 607
  New 'line' coverage: 608
  New 'line' coverage: 609
  New 'line' coverage: 611
  New 'line' coverage: 612
  New 'line' coverage: 614
  New 'line' coverage: 615
  New 'line' coverage: 658
  New 'line' coverage: 662
  New 'line' coverage: 663
  New 'line' coverage: 664
  New 'line' coverage: 665
  New 'line' coverage: 714
  New 'line' coverage: 718
  New 'line' coverage: 720
  New 'line' coverage: 721
  New 'line' coverage: 722
  New 'line' coverage: 724
  New 'line' coverage: 744
  New 'line' coverage: 747
  New 'line' coverage: 828
  New 'line' coverage: 829
  New 'line' coverage: 843
  New 'line' coverage: 844
  New 'line' coverage: 853
  New 'line' coverage: 857
  New 'line' coverage: 859
  New 'line' coverage: 860
  New 'line' coverage: 862
  New 'line' coverage: 863
  New 'line' coverage: 864
  New 'line' coverage: 865
  New 'line' coverage: 866
  New 'line' coverage: 870
  New 'line' coverage: 872
  New 'line' coverage: 873
  New 'line' coverage: 876
  New 'line' coverage: 882
  New 'line' coverage: 885
  New 'line' coverage: 886
  New 'line' coverage: 887
  New 'line' coverage: 889
  New 'line' coverage: 892
  New 'line' coverage: 895
  New 'line' coverage: 905
  New 'line' coverage: 906
  New 'line' coverage: 907
  New 'line' coverage: 908
  New 'line' coverage: 911
  New 'line' coverage: 912



++++++ BEGIN - first exec output for CMD: /root/tcc-cov/bin/tcc -I /root/tcc-cov/include -o hello afl_output//queue/id:000000,orig:hello.c
    afl_output//queue/id:000000,orig:hello.c:1: warning: Ignoring unknown preprocessing directive #includehar
    afl_output//queue/id:000000,orig:hello.c:2: error: identifier expected
++++++ END

[+] AFL test case: id:000001,src:000000,op:flip1,pos:0,+cov (1 / 50), cycle: 0
    lines......: 14.0% (1563 of 11197 lines)
    functions..: 23.3% (104 of 447 functions)

    Coverage diff id:000000,orig:hello.c id:000001,src:000000,op:flip1,pos:0,+cov
diff id:000000,orig:hello.c -> id:000001,src:000000,op:flip1,pos:0,+cov
Src file: /root/tinycc/tccgen.c
  New 'function' coverage: decl_initializer_alloc()
  New 'function' coverage: parse_attribute()
  New 'function' coverage: patch_storage()
  New 'function' coverage: put_extern_sym2()
  New 'function' coverage: type_size()
  New 'function' coverage: update_storage()
  New 'line' coverage: 2659
  New 'line' coverage: 2664
  New 'line' coverage: 2665
  New 'line' coverage: 2670
  New 'line' coverage: 2685
  New 'line' coverage: 2687
  New 'line' coverage: 2690
  New 'line' coverage: 2707
  New 'line' coverage: 2708
  New 'line' coverage: 2709
  New 'line' coverage: 286
  New 'line' coverage: 288
  New 'line' coverage: 292
  New 'line' coverage: 297
  New 'line' coverage: 298
  New 'line' coverage: 301
  New 'line' coverage: 305
  New 'line' coverage: 307
  New 'line' coverage: 310
  New 'line' coverage: 311
  New 'line' coverage: 312
  New 'line' coverage: 3291
  New 'line' coverage: 3296
  New 'line' coverage: 3297
  New 'line' coverage: 3298
  New 'line' coverage: 338
  New 'line' coverage: 350
  New 'line' coverage: 351
  New 'line' coverage: 353
  New 'line' coverage: 379
  New 'line' coverage: 380
  New 'line' coverage: 382
  New 'line' coverage: 385
  New 'line' coverage: 387
  New 'line' coverage: 390
  New 'line' coverage: 391
  New 'line' coverage: 403
  New 'line' coverage: 408
  New 'line' coverage: 410
  New 'line' coverage: 411
  New 'line' coverage: 418
  New 'line' coverage: 419
  New 'line' coverage: 424
  New 'line' coverage: 425
  New 'line' coverage: 4334
  New 'line' coverage: 4465
  New 'line' coverage: 4466
  New 'line' coverage: 4467
  New 'line' coverage: 4474
  New 'line' coverage: 4475
  New 'line' coverage: 4476
  New 'line' coverage: 4478
  New 'line' coverage: 565
  New 'line' coverage: 566
  New 'line' coverage: 569
  New 'line' coverage: 570
  New 'line' coverage: 571
  New 'line' coverage: 572
  New 'line' coverage: 573
  New 'line' coverage: 613
  New 'line' coverage: 614
  New 'line' coverage: 617
  New 'line' coverage: 618
  New 'line' coverage: 6818
  New 'line' coverage: 6822
  New 'line' coverage: 6826
  New 'line' coverage: 6827
  New 'line' coverage: 6829
  New 'line' coverage: 6832
  New 'line' coverage: 6835
  New 'line' coverage: 6836
  New 'line' coverage: 6846
  New 'line' coverage: 6853
  New 'line' coverage: 6886
  New 'line' coverage: 6891
  New 'line' coverage: 6895
  New 'line' coverage: 6899
  New 'line' coverage: 6902
  New 'line' coverage: 6941
  New 'line' coverage: 6943
  New 'line' coverage: 6944
  New 'line' coverage: 6953
  New 'line' coverage: 6954
  New 'line' coverage: 6955
  New 'line' coverage: 6957
  New 'line' coverage: 6958
  New 'line' coverage: 6961
  New 'line' coverage: 6962
  New 'line' coverage: 6965
  New 'line' coverage: 6973
  New 'line' coverage: 6974
  New 'line' coverage: 6975
  New 'line' coverage: 6976
  New 'line' coverage: 6980
  New 'line' coverage: 6982
  New 'line' coverage: 6993
  New 'line' coverage: 7005
  New 'line' coverage: 7029
  New 'line' coverage: 7042
  New 'line' coverage: 7044
  New 'line' coverage: 7049
  New 'line' coverage: 7050
  New 'line' coverage: 7208
  New 'line' coverage: 7219
  New 'line' coverage: 7239
  New 'line' coverage: 7288
  New 'line' coverage: 7304
  New 'line' coverage: 7320
  New 'line' coverage: 7321
  New 'line' coverage: 7325
  New 'line' coverage: 7327
  New 'line' coverage: 7329
  New 'line' coverage: 7330
  New 'line' coverage: 7332
  New 'line' coverage: 7333
  New 'line' coverage: 7334
  New 'line' coverage: 7355
  New 'line' coverage: 7358
  New 'line' coverage: 7359
  New 'line' coverage: 7361
  New 'line' coverage: 7363
  New 'line' coverage: 7364
  New 'line' coverage: 7367
  New 'line' coverage: 7368
  New 'line' coverage: 7370
  New 'line' coverage: 897
  New 'line' coverage: 899
  New 'line' coverage: 908
  New 'line' coverage: 909
  New 'line' coverage: 918
  New 'line' coverage: 920
  New 'line' coverage: 922
  New 'line' coverage: 923
Src file: /root/tinycc/tccpp.c
  New 'function' coverage: skip()
  New 'line' coverage: 101
  New 'line' coverage: 102
  New 'line' coverage: 2693
  New 'line' coverage: 2913
  New 'line' coverage: 2954
  New 'line' coverage: 2955
  New 'line' coverage: 555
  New 'line' coverage: 556
  New 'line' coverage: 562
  New 'line' coverage: 564
  New 'line' coverage: 568
  New 'line' coverage: 569
  New 'line' coverage: 570
  New 'line' coverage: 582
  New 'line' coverage: 99

[+] AFL test case: id:000002,src:000000,op:flip1,pos:0,+cov (2 / 50), cycle: 0
    lines......: 14.0% (1564 of 11197 lines)
    functions..: 23.3% (104 of 447 functions)

    Coverage diff id:000001,src:000000,op:flip1,pos:0,+cov id:000002,src:000000,op:flip1,pos:0,+cov
diff id:000001,src:000000,op:flip1,pos:0,+cov -> id:000002,src:000000,op:flip1,pos:0,+cov
Src file: /root/tinycc/tccpp.c
  New 'line' coverage: 2713

[+] AFL test case: id:000003,src:000000,op:flip2,pos:0,+cov (3 / 50), cycle: 0
    lines......: 14.0% (1572 of 11197 lines)
    functions..: 23.3% (104 of 447 functions)

    Coverage diff id:000002,src:000000,op:flip1,pos:0,+cov id:000003,src:000000,op:flip2,pos:0,+cov
diff id:000002,src:000000,op:flip1,pos:0,+cov -> id:000003,src:000000,op:flip2,pos:0,+cov
Src file: /root/tinycc/tccgen.c
  New 'line' coverage: 7172
  New 'line' coverage: 7173
Src file: /root/tinycc/tccpp.c
  New 'line' coverage: 2918
  New 'line' coverage: 2919
  New 'line' coverage: 2920
  New 'line' coverage: 2925
  New 'line' coverage: 2929
  New 'line' coverage: 2933

[+] AFL test case: id:000004,src:000000,op:flip2,pos:0,+cov (4 / 50), cycle: 0
    lines......: 14.0% (1572 of 11197 lines)
    functions..: 23.3% (104 of 447 functions)
[+] AFL test case: id:000005,src:000000,op:flip4,pos:0,+cov (5 / 50), cycle: 0
    lines......: 14.1% (1575 of 11197 lines)
    functions..: 23.3% (104 of 447 functions)

    Coverage diff id:000004,src:000000,op:flip2,pos:0,+cov id:000005,src:000000,op:flip4,pos:0,+cov
diff id:000004,src:000000,op:flip2,pos:0,+cov -> id:000005,src:000000,op:flip4,pos:0,+cov
Src file: /root/tinycc/tccpp.c
  New 'line' coverage: 2673
  New 'line' coverage: 2674
  New 'line' coverage: 2950

[+] AFL test case: id:000006,src:000000,op:flip4,pos:0,+cov (6 / 50), cycle: 0
    lines......: 14.1% (1575 of 11197 lines)
    functions..: 23.3% (104 of 447 functions)
[+] AFL test case: id:000007,src:000000,op:arith8,pos:1,val:-13,+cov (7 / 50), cycle: 0
    lines......: 14.2% (1589 of 11197 lines)
    functions..: 23.7% (106 of 447 functions)

    Coverage diff id:000006,src:000000,op:flip4,pos:0,+cov id:000007,src:000000,op:arith8,pos:1,val:-13,+cov
diff id:000006,src:000000,op:flip4,pos:0,+cov -> id:000007,src:000000,op:arith8,pos:1,val:-13,+cov
Src file: /root/tinycc/tccpp.c
  New 'function' coverage: handle_stray_noerror()
  New 'function' coverage: inp()
  New 'line' coverage: 620
  New 'line' coverage: 622
  New 'line' coverage: 624
  New 'line' coverage: 626
  New 'line' coverage: 629
  New 'line' coverage: 631
  New 'line' coverage: 632
  New 'line' coverage: 633
  New 'line' coverage: 636
  New 'line' coverage: 643
  New 'line' coverage: 669
  New 'line' coverage: 670
  New 'line' coverage: 671
  New 'line' coverage: 672

[+] AFL test case: id:000008,src:000000,op:int32,pos:0,val:+100 (8 / 50), cycle: 0
    lines......: 14.2% (1591 of 11197 lines)
    functions..: 23.7% (106 of 447 functions)

    Coverage diff id:000007,src:000000,op:arith8,pos:1,val:-13,+cov id:000008,src:000000,op:int32,pos:0,val:+100
diff id:000007,src:000000,op:arith8,pos:1,val:-13,+cov -> id:000008,src:000000,op:int32,pos:0,val:+100
Src file: /root/tinycc/tccpp.c
  New 'line' coverage: 2957
  New 'line' coverage: 2959

[+] AFL test case: id:000009,src:000000,op:havoc,rep:128,+cov (9 / 50), cycle: 0
    lines......: 14.2% (1591 of 11197 lines)
    functions..: 23.7% (106 of 447 functions)
[+] AFL test case: id:000010,src:000000,op:havoc,rep:128,+cov (10 / 50), cycle: 0
    lines......: 14.3% (1597 of 11197 lines)
    functions..: 23.7% (106 of 447 functions)

    Coverage diff id:000009,src:000000,op:havoc,rep:128,+cov id:000010,src:000000,op:havoc,rep:128,+cov
diff id:000009,src:000000,op:havoc,rep:128,+cov -> id:000010,src:000000,op:havoc,rep:128,+cov
Src file: /root/tinycc/tccpp.c
  New 'line' coverage: 2601
  New 'line' coverage: 2603
  New 'line' coverage: 2605
  New 'line' coverage: 2607
  New 'line' coverage: 549
  New 'line' coverage: 550

[+] AFL test case: id:000011,src:000000,op:havoc,rep:16,+cov (11 / 50), cycle: 0
    lines......: 17.8% (1993 of 11197 lines)
    functions..: 30.2% (135 of 447 functions)

    Coverage diff id:000010,src:000000,op:havoc,rep:128,+cov id:000011,src:000000,op:havoc,rep:16,+cov
diff id:000010,src:000000,op:havoc,rep:128,+cov -> id:000011,src:000000,op:havoc,rep:16,+cov
Src file: /root/tinycc/tcc.c
  New 'line' coverage: 347
  New 'line' coverage: 352
  New 'line' coverage: 354
Src file: /root/tinycc/tccelf.c
  New 'function' coverage: add_init_array_defines()
  New 'function' coverage: bind_exe_dynsyms()
  New 'function' coverage: build_got()
  New 'function' coverage: elf_output_file()
  New 'function' coverage: find_section()
  New 'function' coverage: ld_add_file()
  New 'function' coverage: ld_add_file_list()
  New 'function' coverage: ld_next.isra.5()
  New 'function' coverage: resolve_common_syms()
  New 'function' coverage: tcc_add_bcheck()
  New 'function' coverage: tcc_add_linker_symbols()
  New 'function' coverage: tcc_add_runtime()
  New 'function' coverage: tcc_add_support()
  New 'function' coverage: tcc_load_alacarte()
  New 'function' coverage: tcc_load_archive()
  New 'function' coverage: tcc_load_dll()
  New 'function' coverage: tcc_load_ldscript()
  New 'function' coverage: tcc_output_file()
  New 'line' coverage: 1120
  New 'line' coverage: 1127
  New 'line' coverage: 1128
  New 'line' coverage: 1130
  New 'line' coverage: 1131
  New 'line' coverage: 1135
  New 'line' coverage: 1138
  New 'line' coverage: 1142
  New 'line' coverage: 1146
  New 'line' coverage: 1149
  New 'line' coverage: 1152
  New 'line' coverage: 1153
  New 'line' coverage: 1156
  New 'line' coverage: 1162
  New 'line' coverage: 1188
  New 'line' coverage: 1190
  New 'line' coverage: 1191
  New 'line' coverage: 1193
  New 'line' coverage: 1194
  New 'line' coverage: 1203
  New 'line' coverage: 1205
  New 'line' coverage: 1206
  New 'line' coverage: 1208
  New 'line' coverage: 1213
  New 'line' coverage: 1219
  New 'line' coverage: 1222
  New 'line' coverage: 1223
  New 'line' coverage: 1226
  New 'line' coverage: 1227
  New 'line' coverage: 123
  New 'line' coverage: 1230
  New 'line' coverage: 1233
  New 'line' coverage: 1234
  New 'line' coverage: 1235
  New 'line' coverage: 124
  New 'line' coverage: 1240
  New 'line' coverage: 1241
  New 'line' coverage: 1242
  New 'line' coverage: 1248
  New 'line' coverage: 1250
  New 'line' coverage: 1251
  New 'line' coverage: 1253
  New 'line' coverage: 1268
  New 'line' coverage: 1270
  New 'line' coverage: 1272
  New 'line' coverage: 1277
  New 'line' coverage: 1278
  New 'line' coverage: 1287
  New 'line' coverage: 1288
  New 'line' coverage: 1384
  New 'line' coverage: 1394
  New 'line' coverage: 1395
  New 'line' coverage: 1396
  New 'line' coverage: 1397
  New 'line' coverage: 1398
  New 'line' coverage: 1399
  New 'line' coverage: 1400
  New 'line' coverage: 1401
  New 'line' coverage: 1409
  New 'line' coverage: 1410
  New 'line' coverage: 1413
  New 'line' coverage: 1414
  New 'line' coverage: 1450
  New 'line' coverage: 1451
  New 'line' coverage: 1453
  New 'line' coverage: 1456
  New 'line' coverage: 1463
  New 'line' coverage: 2060
  New 'line' coverage: 2063
  New 'line' coverage: 2069
  New 'line' coverage: 2070
  New 'line' coverage: 2071
  New 'line' coverage: 2072
  New 'line' coverage: 2073
  New 'line' coverage: 2074
  New 'line' coverage: 2075
  New 'line' coverage: 2077
  New 'line' coverage: 2079
  New 'line' coverage: 2080
  New 'line' coverage: 2082
  New 'line' coverage: 2083
  New 'line' coverage: 2086
  New 'line' coverage: 2087
  New 'line' coverage: 2088
  New 'line' coverage: 2090
  New 'line' coverage: 2091
  New 'line' coverage: 2092
  New 'line' coverage: 2097
  New 'line' coverage: 2100
  New 'line' coverage: 2103
  New 'line' coverage: 2105
  New 'line' coverage: 2106
  New 'line' coverage: 2108
  New 'line' coverage: 2110
  New 'line' coverage: 2111
  New 'line' coverage: 2112
  New 'line' coverage: 2227
  New 'line' coverage: 2228
  New 'line' coverage: 2229
  New 'line' coverage: 2230
  New 'line' coverage: 2233
  New 'line' coverage: 2241
  New 'line' coverage: 2242
  New 'line' coverage: 2268
  New 'line' coverage: 2270
  New 'line' coverage: 2271
  New 'line' coverage: 2278
  New 'line' coverage: 2582
  New 'line' coverage: 2593
  New 'line' coverage: 2601
  New 'line' coverage: 2602
  New 'line' coverage: 2604
  New 'line' coverage: 2605
  New 'line' coverage: 2606
  New 'line' coverage: 2609
  New 'line' coverage: 2610
  New 'line' coverage: 2611
  New 'line' coverage: 2612
  New 'line' coverage: 2613
  New 'line' coverage: 2614
  New 'line' coverage: 2615
  New 'line' coverage: 2616
  New 'line' coverage: 2617
  New 'line' coverage: 2618
  New 'line' coverage: 2619
  New 'line' coverage: 2620
  New 'line' coverage: 2628
  New 'line' coverage: 2630
  New 'line' coverage: 2631
  New 'line' coverage: 2632
  New 'line' coverage: 2636
  New 'line' coverage: 2649
  New 'line' coverage: 2650
  New 'line' coverage: 2652
  New 'line' coverage: 2656
  New 'line' coverage: 2657
  New 'line' coverage: 2658
  New 'line' coverage: 2659
  New 'line' coverage: 2660
  New 'line' coverage: 2661
  New 'line' coverage: 2664
  New 'line' coverage: 2665
  New 'line' coverage: 2667
  New 'line' coverage: 2668
  New 'line' coverage: 2670
  New 'line' coverage: 2671
  New 'line' coverage: 2691
  New 'line' coverage: 2702
  New 'line' coverage: 2705
  New 'line' coverage: 2706
  New 'line' coverage: 2712
  New 'line' coverage: 2715
  New 'line' coverage: 2716
  New 'line' coverage: 2717
  New 'line' coverage: 2718
  New 'line' coverage: 2719
  New 'line' coverage: 2720
  New 'line' coverage: 2721
  New 'line' coverage: 2722
  New 'line' coverage: 2723
  New 'line' coverage: 2724
  New 'line' coverage: 2725
  New 'line' coverage: 2726
  New 'line' coverage: 2727
  New 'line' coverage: 2728
  New 'line' coverage: 2729
  New 'line' coverage: 2730
  New 'line' coverage: 2731
  New 'line' coverage: 2738
  New 'line' coverage: 2740
  New 'line' coverage: 2741
  New 'line' coverage: 2742
  New 'line' coverage: 2747
  New 'line' coverage: 2748
  New 'line' coverage: 2749
  New 'line' coverage: 2751
  New 'line' coverage: 2759
  New 'line' coverage: 2760
  New 'line' coverage: 2761
  New 'line' coverage: 2762
  New 'line' coverage: 2765
  New 'line' coverage: 2766
  New 'line' coverage: 2767
  New 'line' coverage: 2769
  New 'line' coverage: 2770
  New 'line' coverage: 2771
  New 'line' coverage: 2775
  New 'line' coverage: 2776
  New 'line' coverage: 2777
  New 'line' coverage: 2778
  New 'line' coverage: 2779
  New 'line' coverage: 2780
  New 'line' coverage: 2781
  New 'line' coverage: 2784
  New 'line' coverage: 2789
  New 'line' coverage: 2794
  New 'line' coverage: 2795
  New 'line' coverage: 2796
  New 'line' coverage: 2797
  New 'line' coverage: 2798
  New 'line' coverage: 2799
  New 'line' coverage: 2806
  New 'line' coverage: 2812
  New 'line' coverage: 2813
  New 'line' coverage: 2819
  New 'line' coverage: 2821
  New 'line' coverage: 2822
  New 'line' coverage: 2823
  New 'line' coverage: 2824
  New 'line' coverage: 2825
  New 'line' coverage: 2828
  New 'line' coverage: 2829
  New 'line' coverage: 2899
  New 'line' coverage: 2900
  New 'line' coverage: 2901
  New 'line' coverage: 2902
  New 'line' coverage: 2904
  New 'line' coverage: 2905
  New 'line' coverage: 2907
  New 'line' coverage: 2909
  New 'line' coverage: 2910
  New 'line' coverage: 2915
  New 'line' coverage: 2916
  New 'line' coverage: 2917
  New 'line' coverage: 2920
  New 'line' coverage: 2923
  New 'line' coverage: 2925
  New 'line' coverage: 2927
  New 'line' coverage: 2936
  New 'line' coverage: 2937
  New 'line' coverage: 2938
  New 'line' coverage: 2942
  New 'line' coverage: 2945
  New 'line' coverage: 2946
  New 'line' coverage: 2948
  New 'line' coverage: 2949
  New 'line' coverage: 2951
  New 'line' coverage: 2952
  New 'line' coverage: 2954
  New 'line' coverage: 2956
  New 'line' coverage: 2957
  New 'line' coverage: 2961
  New 'line' coverage: 2963
  New 'line' coverage: 2976
  New 'line' coverage: 2981
  New 'line' coverage: 2982
  New 'line' coverage: 2983
  New 'line' coverage: 2987
  New 'line' coverage: 2988
  New 'line' coverage: 2989
  New 'line' coverage: 2991
  New 'line' coverage: 2993
  New 'line' coverage: 2994
  New 'line' coverage: 2999
  New 'line' coverage: 3000
  New 'line' coverage: 3004
  New 'line' coverage: 3005
  New 'line' coverage: 3008
  New 'line' coverage: 3009
  New 'line' coverage: 3012
  New 'line' coverage: 3013
  New 'line' coverage: 3014
  New 'line' coverage: 3019
  New 'line' coverage: 3025
  New 'line' coverage: 3027
  New 'line' coverage: 3028
  New 'line' coverage: 3030
  New 'line' coverage: 3032
  New 'line' coverage: 3033
  New 'line' coverage: 3034
  New 'line' coverage: 3035
  New 'line' coverage: 3037
  New 'line' coverage: 3040
  New 'line' coverage: 3041
  New 'line' coverage: 3044
  New 'line' coverage: 3045
  New 'line' coverage: 3048
  New 'line' coverage: 308
  New 'line' coverage: 312
  New 'line' coverage: 313
  New 'line' coverage: 314
  New 'line' coverage: 318
  New 'line' coverage: 510
  New 'line' coverage: 511
  New 'line' coverage: 514
  New 'line' coverage: 515
  New 'line' coverage: 522
  New 'line' coverage: 523
  New 'line' coverage: 524
  New 'line' coverage: 525
  New 'line' coverage: 528
  New 'line' coverage: 531
  New 'line' coverage: 533
  New 'line' coverage: 535
  New 'line' coverage: 537
  New 'line' coverage: 538
  New 'line' coverage: 543
  New 'line' coverage: 545
  New 'line' coverage: 559
  New 'line' coverage: 560
  New 'line' coverage: 561
  New 'line' coverage: 562
  New 'line' coverage: 563
  New 'line' coverage: 564
  New 'line' coverage: 565
  New 'line' coverage: 699
  New 'line' coverage: 911
  New 'line' coverage: 914
  New 'line' coverage: 915
  New 'line' coverage: 916
  New 'line' coverage: 917
  New 'line' coverage: 919
  New 'line' coverage: 920
Src file: /root/tinycc/libtcc.c
  New 'function' coverage: tcc_add_dll()
  New 'function' coverage: tcc_add_library()
  New 'function' coverage: tcc_add_library_err()
  New 'function' coverage: tcc_add_pragma_libs()
  New 'function' coverage: tcc_basename()
  New 'function' coverage: tcc_error_noabort()
  New 'line' coverage: 1004
  New 'line' coverage: 1031
  New 'line' coverage: 1032
  New 'line' coverage: 1039
  New 'line' coverage: 1040
  New 'line' coverage: 1044
  New 'line' coverage: 1045
  New 'line' coverage: 1046
  New 'line' coverage: 1052
  New 'line' coverage: 1057
  New 'line' coverage: 1059
  New 'line' coverage: 1086
  New 'line' coverage: 1117
  New 'line' coverage: 1119
  New 'line' coverage: 1132
  New 'line' coverage: 1141
  New 'line' coverage: 1142
  New 'line' coverage: 1144
  New 'line' coverage: 1145
  New 'line' coverage: 1153
  New 'line' coverage: 1155
  New 'line' coverage: 1156
  New 'line' coverage: 1158
  New 'line' coverage: 1162
  New 'line' coverage: 1165
  New 'line' coverage: 1167
  New 'line' coverage: 171
  New 'line' coverage: 176
  New 'line' coverage: 497
  New 'line' coverage: 528
  New 'line' coverage: 530
  New 'line' coverage: 533
  New 'line' coverage: 534
  New 'line' coverage: 535
  New 'line' coverage: 536
Src file: /root/tinycc/tccgen.c
  New 'function' coverage: check_vstack()
  New 'function' coverage: gen_inline_functions.isra.8()
  New 'function' coverage: tcc_debug_end()
  New 'line' coverage: 131
  New 'line' coverage: 133
  New 'line' coverage: 135
  New 'line' coverage: 184
  New 'line' coverage: 186
  New 'line' coverage: 275
  New 'line' coverage: 276
  New 'line' coverage: 277
  New 'line' coverage: 279
  New 'line' coverage: 280
  New 'line' coverage: 7096
  New 'line' coverage: 7102
  New 'line' coverage: 7105
  New 'line' coverage: 7106
  New 'line' coverage: 7126
  New 'line' coverage: 7127
  New 'line' coverage: 7128
Src file: /root/tinycc/tccpp.c
  New 'function' coverage: minp()
  New 'function' coverage: parse_comment()
  New 'line' coverage: 625
  New 'line' coverage: 706
  New 'line' coverage: 708
  New 'line' coverage: 709
  New 'line' coverage: 711
  New 'line' coverage: 725
  New 'line' coverage: 726
  New 'line' coverage: 727
  New 'line' coverage: 728
  New 'line' coverage: 751
  New 'line' coverage: 755
  New 'line' coverage: 759
  New 'line' coverage: 760
  New 'line' coverage: 762
  New 'line' coverage: 763
  New 'line' coverage: 764
  New 'line' coverage: 766
  New 'line' coverage: 769
  New 'line' coverage: 770
  New 'line' coverage: 771
  New 'line' coverage: 772
  New 'line' coverage: 773
  New 'line' coverage: 775
  New 'line' coverage: 776
  New 'line' coverage: 778
  New 'line' coverage: 821
  New 'line' coverage: 822
  New 'line' coverage: 823

[+] AFL test case: id:000012,src:000000,op:havoc,rep:2 (12 / 50), cycle: 0
    lines......: 17.8% (1993 of 11197 lines)
    functions..: 30.2% (135 of 447 functions)
[+] AFL test case: id:000013,src:000000,op:havoc,rep:128 (13 / 50), cycle: 0
    lines......: 17.8% (1993 of 11197 lines)
    functions..: 30.2% (135 of 447 functions)
[+] AFL test case: id:000014,src:000000,op:havoc,rep:128,+cov (14 / 50), cycle: 0
    lines......: 17.8% (1993 of 11197 lines)
    functions..: 30.2% (135 of 447 functions)
[+] AFL test case: id:000015,src:000000,op:havoc,rep:128,+cov (15 / 50), cycle: 0
    lines......: 17.8% (1993 of 11197 lines)
    functions..: 30.2% (135 of 447 functions)
[+] AFL test case: id:000016,src:000000,op:havoc,rep:32 (16 / 50), cycle: 0
    lines......: 17.9% (2001 of 11197 lines)
    functions..: 30.2% (135 of 447 functions)

    Coverage diff id:000015,src:000000,op:havoc,rep:128,+cov id:000016,src:000000,op:havoc,rep:32
diff id:000015,src:000000,op:havoc,rep:128,+cov -> id:000016,src:000000,op:havoc,rep:32
Src file: /root/tinycc/tccpp.c
  New 'line' coverage: 2838
  New 'line' coverage: 2839
  New 'line' coverage: 2840
  New 'line' coverage: 2843
  New 'line' coverage: 2852
  New 'line' coverage: 540
  New 'line' coverage: 541
  New 'line' coverage: 542

[+] AFL test case: id:000017,src:000000,op:havoc,rep:16 (17 / 50), cycle: 0
    lines......: 17.9% (2001 of 11197 lines)
    functions..: 30.2% (135 of 447 functions)
[+] AFL test case: id:000018,src:000000,op:havoc,rep:64,+cov (18 / 50), cycle: 0
    lines......: 17.9% (2001 of 11197 lines)
    functions..: 30.2% (135 of 447 functions)
[+] AFL test case: id:000019,src:000000,op:havoc,rep:32 (19 / 50), cycle: 0
    lines......: 17.9% (2001 of 11197 lines)
    functions..: 30.2% (135 of 447 functions)
[+] AFL test case: id:000020,src:000000,op:havoc,rep:128 (20 / 50), cycle: 0
    lines......: 17.9% (2001 of 11197 lines)
    functions..: 30.2% (135 of 447 functions)
[+] AFL test case: id:000021,src:000000,op:havoc,rep:8,+cov (21 / 50), cycle: 0
    lines......: 17.9% (2002 of 11197 lines)
    functions..: 30.2% (135 of 447 functions)

    Coverage diff id:000020,src:000000,op:havoc,rep:128 id:000021,src:000000,op:havoc,rep:8,+cov
diff id:000020,src:000000,op:havoc,rep:128 -> id:000021,src:000000,op:havoc,rep:8,+cov
Src file: /root/tinycc/tccpp.c
  New 'line' coverage: 667

[+] AFL test case: id:000022,src:000000,op:havoc,rep:16 (22 / 50), cycle: 0
    lines......: 17.9% (2002 of 11197 lines)
    functions..: 30.2% (135 of 447 functions)
[+] AFL test case: id:000023,src:000000,op:havoc,rep:32 (23 / 50), cycle: 0
    lines......: 17.9% (2002 of 11197 lines)
    functions..: 30.2% (135 of 447 functions)
[+] AFL test case: id:000024,src:000000,op:havoc,rep:16 (24 / 50), cycle: 0
    lines......: 17.9% (2005 of 11197 lines)
    functions..: 30.2% (135 of 447 functions)

    Coverage diff id:000023,src:000000,op:havoc,rep:32 id:000024,src:000000,op:havoc,rep:16
diff id:000023,src:000000,op:havoc,rep:32 -> id:000024,src:000000,op:havoc,rep:16
Src file: /root/tinycc/tccpp.c
  New 'line' coverage: 2926
  New 'line' coverage: 2927
  New 'line' coverage: 2928

[+] AFL test case: id:000025,src:000000,op:havoc,rep:16 (25 / 50), cycle: 0
    lines......: 17.9% (2005 of 11197 lines)
    functions..: 30.2% (135 of 447 functions)
[+] AFL test case: id:000026,src:000000,op:havoc,rep:128 (26 / 50), cycle: 0
    lines......: 18.0% (2014 of 11197 lines)
    functions..: 30.2% (135 of 447 functions)

    Coverage diff id:000025,src:000000,op:havoc,rep:16 id:000026,src:000000,op:havoc,rep:128
diff id:000025,src:000000,op:havoc,rep:16 -> id:000026,src:000000,op:havoc,rep:128
Src file: /root/tinycc/tccpp.c
  New 'line' coverage: 2581
  New 'line' coverage: 2584
  New 'line' coverage: 2585
  New 'line' coverage: 867
  New 'line' coverage: 869
  New 'line' coverage: 896
  New 'line' coverage: 897
  New 'line' coverage: 898
  New 'line' coverage: 899

[+] AFL test case: id:000027,src:000000,op:havoc,rep:8 (27 / 50), cycle: 0
    lines......: 18.0% (2014 of 11197 lines)
    functions..: 30.2% (135 of 447 functions)
[+] AFL test case: id:000028,src:000000,op:havoc,rep:64 (28 / 50), cycle: 0
    lines......: 18.2% (2043 of 11197 lines)
    functions..: 30.4% (136 of 447 functions)

    Coverage diff id:000027,src:000000,op:havoc,rep:8 id:000028,src:000000,op:havoc,rep:64
diff id:000027,src:000000,op:havoc,rep:8 -> id:000028,src:000000,op:havoc,rep:64
Src file: /root/tinycc/tcc.h
  New 'line' coverage: 1267
Src file: /root/tinycc/tccpp.c
  New 'function' coverage: parse_number()
  New 'line' coverage: 2260
  New 'line' coverage: 2268
  New 'line' coverage: 2269
  New 'line' coverage: 2270
  New 'line' coverage: 2271
  New 'line' coverage: 2272
  New 'line' coverage: 2273
  New 'line' coverage: 2274
  New 'line' coverage: 2407
  New 'line' coverage: 2408
  New 'line' coverage: 2409
  New 'line' coverage: 2411
  New 'line' coverage: 2412
  New 'line' coverage: 2415
  New 'line' coverage: 2435
  New 'line' coverage: 2436
  New 'line' coverage: 2437
  New 'line' coverage: 2438
  New 'line' coverage: 2442
  New 'line' coverage: 2452
  New 'line' coverage: 2453
  New 'line' coverage: 2544
  New 'line' coverage: 2546
  New 'line' coverage: 2782
  New 'line' coverage: 2784
  New 'line' coverage: 2785
  New 'line' coverage: 3561
  New 'line' coverage: 3562

[+] AFL test case: id:000029,src:000000,op:havoc,rep:64 (29 / 50), cycle: 0
    lines......: 18.2% (2043 of 11197 lines)
    functions..: 30.4% (136 of 447 functions)
[+] AFL test case: id:000030,src:000000,op:havoc,rep:32 (30 / 50), cycle: 0
    lines......: 18.2% (2043 of 11197 lines)
    functions..: 30.4% (136 of 447 functions)
[+] AFL test case: id:000031,src:000000,op:havoc,rep:32,+cov (31 / 50), cycle: 0
    lines......: 18.2% (2043 of 11197 lines)
    functions..: 30.4% (136 of 447 functions)
[+] AFL test case: id:000032,src:000000,op:havoc,rep:64,+cov (32 / 50), cycle: 0
    lines......: 18.2% (2043 of 11197 lines)
    functions..: 30.4% (136 of 447 functions)
[+] AFL test case: id:000033,src:000000,op:havoc,rep:32 (33 / 50), cycle: 0
    lines......: 18.3% (2044 of 11197 lines)
    functions..: 30.4% (136 of 447 functions)

    Coverage diff id:000032,src:000000,op:havoc,rep:64,+cov id:000033,src:000000,op:havoc,rep:32
diff id:000032,src:000000,op:havoc,rep:64,+cov -> id:000033,src:000000,op:havoc,rep:32
Src file: /root/tinycc/tccpp.c
  New 'line' coverage: 2914

[+] AFL test case: id:000034,src:000000,op:havoc,rep:128,+cov (34 / 50), cycle: 0
    lines......: 18.3% (2044 of 11197 lines)
    functions..: 30.4% (136 of 447 functions)
[+] AFL test case: id:000035,src:000000,op:havoc,rep:64 (35 / 50), cycle: 0
    lines......: 18.3% (2044 of 11197 lines)
    functions..: 30.4% (136 of 447 functions)
[+] AFL test case: id:000036,src:000000,op:havoc,rep:64 (36 / 50), cycle: 0
    lines......: 18.3% (2044 of 11197 lines)
    functions..: 30.4% (136 of 447 functions)
[+] AFL test case: id:000037,src:000001,op:havoc,rep:32 (37 / 50), cycle: 0
    lines......: 18.3% (2044 of 11197 lines)
    functions..: 30.4% (136 of 447 functions)
[+] AFL test case: id:000038,src:000001,op:havoc,rep:64 (38 / 50), cycle: 0
    lines......: 18.3% (2044 of 11197 lines)
    functions..: 30.4% (136 of 447 functions)
[+] AFL test case: id:000039,src:000021,op:havoc,rep:2 (39 / 50), cycle: 0
    lines......: 18.3% (2044 of 11197 lines)
    functions..: 30.4% (136 of 447 functions)
[+] AFL test case: id:000040,src:000036,op:flip1,pos:63,+cov (40 / 50), cycle: 0
    lines......: 18.3% (2047 of 11197 lines)
    functions..: 30.4% (136 of 447 functions)

    Coverage diff id:000039,src:000021,op:havoc,rep:2 id:000040,src:000036,op:flip1,pos:63,+cov
diff id:000039,src:000021,op:havoc,rep:2 -> id:000040,src:000036,op:flip1,pos:63,+cov
Src file: /root/tinycc/tccpp.c
  New 'line' coverage: 2788
  New 'line' coverage: 2792
  New 'line' coverage: 2802

[+] AFL test case: id:000041,src:000036,op:flip1,pos:64,+cov (41 / 50), cycle: 0
    lines......: 18.3% (2047 of 11197 lines)
    functions..: 30.4% (136 of 447 functions)
[+] AFL test case: id:000042,src:000036,op:flip8,pos:65 (42 / 50), cycle: 0
    lines......: 18.3% (2047 of 11197 lines)
    functions..: 30.4% (136 of 447 functions)
[+] AFL test case: id:000043,src:000036,op:int8,pos:65,val:+100 (43 / 50), cycle: 0
    lines......: 18.3% (2047 of 11197 lines)
    functions..: 30.4% (136 of 447 functions)
[+] AFL test case: id:000044,src:000036,op:int16,pos:64,val:+0 (44 / 50), cycle: 0
    lines......: 18.3% (2047 of 11197 lines)
    functions..: 30.4% (136 of 447 functions)
[+] AFL test case: id:000045,src:000036,op:int32,pos:62,val:+0 (45 / 50), cycle: 0
    lines......: 18.3% (2047 of 11197 lines)
    functions..: 30.4% (136 of 447 functions)
[+] AFL test case: id:000046,src:000036,op:havoc,rep:4 (46 / 50), cycle: 0
    lines......: 18.3% (2047 of 11197 lines)
    functions..: 30.4% (136 of 447 functions)
[+] AFL test case: id:000047,src:000036,op:havoc,rep:2 (47 / 50), cycle: 0
    lines......: 18.3% (2047 of 11197 lines)
    functions..: 30.4% (136 of 447 functions)
[+] AFL test case: id:000048,src:000036,op:havoc,rep:128 (48 / 50), cycle: 0
    lines......: 18.3% (2047 of 11197 lines)
    functions..: 30.4% (136 of 447 functions)
[+] AFL test case: id:000049,src:000002,op:havoc,rep:32 (49 / 50), cycle: 0
    lines......: 18.3% (2047 of 11197 lines)
    functions..: 30.4% (136 of 447 functions)
[+] Processed 50 / 50 test cases.

[+] Final zero coverage report: afl_output//cov/zero-cov
[+] Final positive coverage report: afl_output//cov/pos-cov
    lines......: 18.3% (2047 of 11197 lines)
    functions..: 30.4% (136 of 447 functions)
[+] Final lcov web report: afl_output//cov/web/index.html
