\BOOKMARK [1][-]{section.1}{\376\377\000T\000C\000A\000S\0001}{}% 1
\BOOKMARK [2][-]{subsection.1.1}{\376\377\000A\000n\000a\000l\000y\000s\000i\000s\000\040\000o\000f\000\040\000S\000u\000s\000p\000i\000c\000i\000o\000u\000s\000\040\000S\000t\000a\000t\000e\000m\000e\000n\000t\000s}{section.1}% 2
\BOOKMARK [1][-]{section.2}{\376\377\000T\000C\000A\000S\0002}{}% 3
\BOOKMARK [2][-]{subsection.2.1}{\376\377\000A\000n\000a\000l\000y\000s\000i\000s\000\040\000o\000f\000\040\000S\000u\000s\000p\000i\000c\000i\000o\000u\000s\000\040\000S\000t\000a\000t\000e\000m\000e\000n\000t\000s}{section.2}% 4
\BOOKMARK [1][-]{section.3}{\376\377\000T\000C\000A\000S\0003}{}% 5
\BOOKMARK [2][-]{subsection.3.1}{\376\377\000A\000n\000a\000l\000y\000s\000i\000s\000\040\000o\000f\000\040\000S\000u\000s\000p\000i\000c\000i\000o\000u\000s\000\040\000S\000t\000a\000t\000e\000m\000e\000n\000t\000s}{section.3}% 6
\BOOKMARK [1][-]{section.4}{\376\377\000T\000C\000A\000S\0004}{}% 7
\BOOKMARK [2][-]{subsection.4.1}{\376\377\000A\000n\000a\000l\000y\000s\000i\000s\000\040\000o\000f\000\040\000S\000u\000s\000p\000i\000c\000i\000o\000u\000s\000\040\000S\000t\000a\000t\000e\000m\000e\000n\000t\000s}{section.4}% 8
\BOOKMARK [1][-]{section.5}{\376\377\000E\000f\000f\000e\000c\000t\000i\000v\000e\000n\000e\000s\000s\000\040\000a\000n\000d\000\040\000L\000i\000m\000i\000t\000a\000t\000i\000o\000n\000s\000\040\000o\000f\000\040\000D\000S\000t\000a\000r\000\040\000F\000a\000u\000l\000t\000\040\000L\000o\000c\000a\000l\000i\000z\000a\000t\000i\000o\000n}{}% 9
\BOOKMARK [2][-]{subsection.5.1}{\376\377\000W\000h\000e\000n\000\040\000D\000S\000t\000a\000r\000\040\000P\000e\000r\000f\000o\000r\000m\000s\000\040\000W\000e\000l\000l}{section.5}% 10
\BOOKMARK [3][-]{subsubsection.5.1.1}{\376\377\0001\000.\000\040\000F\000a\000u\000l\000t\000s\000\040\000T\000h\000a\000t\000\040\000D\000i\000r\000e\000c\000t\000l\000y\000\040\000C\000a\000u\000s\000e\000\040\000T\000e\000s\000t\000\040\000F\000a\000i\000l\000u\000r\000e\000s}{subsection.5.1}% 11
\BOOKMARK [3][-]{subsubsection.5.1.2}{\376\377\0002\000.\000\040\000F\000a\000u\000l\000t\000s\000\040\000i\000n\000\040\000D\000e\000c\000i\000s\000i\000o\000n\000-\000M\000a\000k\000i\000n\000g\000\040\000C\000o\000d\000e}{subsection.5.1}% 12
\BOOKMARK [3][-]{subsubsection.5.1.3}{\376\377\0003\000.\000\040\000P\000r\000o\000g\000r\000a\000m\000s\000\040\000w\000i\000t\000h\000\040\000C\000l\000e\000a\000r\000\040\000T\000e\000s\000t\000\040\000F\000a\000i\000l\000u\000r\000e\000\040\000P\000a\000t\000t\000e\000r\000n\000s}{subsection.5.1}% 13
\BOOKMARK [2][-]{subsection.5.2}{\376\377\000W\000h\000e\000n\000\040\000D\000S\000t\000a\000r\000\040\000P\000e\000r\000f\000o\000r\000m\000s\000\040\000P\000o\000o\000r\000l\000y}{section.5}% 14
\BOOKMARK [3][-]{subsubsection.5.2.1}{\376\377\0001\000.\000\040\000F\000a\000u\000l\000t\000s\000\040\000T\000h\000a\000t\000\040\000A\000r\000e\000\040\000I\000n\000d\000i\000r\000e\000c\000t\000l\000y\000\040\000R\000e\000s\000p\000o\000n\000s\000i\000b\000l\000e\000\040\000f\000o\000r\000\040\000F\000a\000i\000l\000u\000r\000e\000s}{subsection.5.2}% 15
\BOOKMARK [3][-]{subsubsection.5.2.2}{\376\377\0002\000.\000\040\000W\000h\000e\000n\000\040\000T\000h\000e\000r\000e\000\040\000A\000r\000e\000\040\000N\000o\000\040\000F\000a\000i\000l\000i\000n\000g\000\040\000T\000e\000s\000t\000\040\000C\000a\000s\000e\000s}{subsection.5.2}% 16
\BOOKMARK [3][-]{subsubsection.5.2.3}{\376\377\0003\000.\000\040\000F\000a\000u\000l\000t\000s\000\040\000i\000n\000\040\000I\000n\000i\000t\000i\000a\000l\000i\000z\000a\000t\000i\000o\000n\000\040\000C\000o\000d\000e\000\040\000o\000r\000\040\000C\000o\000n\000s\000t\000a\000n\000t\000\040\000D\000e\000f\000i\000n\000i\000t\000i\000o\000n\000s}{subsection.5.2}% 17
\BOOKMARK [3][-]{subsubsection.5.2.4}{\376\377\0004\000.\000\040\000P\000r\000o\000g\000r\000a\000m\000s\000\040\000w\000i\000t\000h\000\040\000H\000i\000g\000h\000\040\000R\000e\000d\000u\000n\000d\000a\000n\000t\000\040\000E\000x\000e\000c\000u\000t\000i\000o\000n}{subsection.5.2}% 18
\BOOKMARK [2][-]{subsection.5.3}{\376\377\000C\000o\000n\000c\000l\000u\000s\000i\000o\000n}{section.5}% 19
\BOOKMARK [1][-]{section*.9}{\376\377\000A\000p\000p\000e\000n\000d\000i\000x}{}% 20
